
===== Processing tests/0_hm.ml =====
length_aux: int -> [ any* ] -> int
length: [ any* ] -> int
hd': ∀'a. [ ('a any*)? ] -> 'a
hd_safe: ∀'a. [ 'a any* ] -> 'a
tl': ∀'a. [] | (any::('a & [ any* ])) -> 'a & [ any* ]
tl_safe: ∀'a. (any::('a & [ any* ])) -> 'a & [ any* ]
nth_aux: ∀'a. [ 'a* ] -> int -> 'a
nth: ∀'a. [ 'a* ] -> int -> 'a
append: ∀'a,'b,'c. ([ 'b* ] -> ('a & ('b::x1) | 'c & 'a & [ any* ] -> 'b::x1) | ('a & ('b::x1) | 'c & 'a & [ any* ] -> 'a & ('b::x1) | 'c & 'a & [ any* ])) & ([  ] -> 'a -> 'a) where x1 = ('b::x1) | 'c & [ any* ]
@: ∀'a,'b,'c. (([ 'b* ], 'a & ('b::x1) | 'c & 'a & [ any* ]) -> ('b::x1) | 'c & 'a & [ any* ]) & (([  ], 'a) -> 'a) where x1 = ('b::x1) | 'c & [ any* ]
rev_append: ∀'a,'b,'c. ([ 'c* ] -> (x1 -> ('c::x1) | 'a) | (('c::x1) | 'a -> ('c::x1) | 'a)) & ([  ] -> ('a -> 'a) | ([ any* ] -> empty)) where x1 = ('c::x1) | 'b & [ any* ]
rev: ∀'a. [ ('a | 'a 'a+)? ] -> [ ('a | 'a 'a+)? ]
flatten: ∀'a. ([ [ 'a* ]* ] -> [ 'a* ]) & ([ [  ]* ] -> [  ])
concat: ∀'a. [ [ 'a* ]* ] -> [ 'a* ]
map: ∀'a,'b. ('a -> 'b) -> [ 'a* ] -> [ 'b* ]
mapi_aux: ∀'a,'b. int -> (int -> 'a -> 'b) -> [ 'a* ] -> [ 'b* ]
mapi: ∀'a,'b. (int -> 'a -> 'b) -> [ 'a* ] -> [ 'b* ]
fold_left: ∀'a,'b. (('a -> 'b -> 'a) -> 'a -> [ 'b* ] -> 'a) & (('a -> 'b -> empty) -> 'a -> [ ('b any*)? ] -> 'a)
fold_right: ∀'a,'b. ('b -> 'a -> 'a) -> [ 'b* ] -> 'a -> 'a
height: x1 -> int where x1 = Nil | Node(x1, Key, any, x1, int)
create: ∀'a,'b,'c,'d. 'a & (Nil | Node(x1)) -> 'b -> 'c -> 'd & (Nil | Node(x1)) -> Node('a & (Nil | Node(x1)), 'b, 'c, 'd & (Nil | Node(x1)), int) where x1 = Nil | Node(x1), Key, any, Nil | Node(x1), int
bal: ∀'a. t('a) -> Key -> 'a -> t('a) -> t('a)
fixpoint: ∀'a,'b,'c. (('b -> 'c) -> 'a & ('b -> 'c)) -> 'a
fact_stub: (int -> int) -> int -> int
fact': int -> int
length_stub: ∀'a. ('a & [ any* ] -> int) -> [] | (any::('a & [ any* ])) -> int
length': [ any* ] -> int
map_stub: ∀'a,'b,'c,'d,'e. ('a & ('c -> 'b) -> 'e & [ any* ] -> 'd & [ any* ]) -> 'a & ('c -> 'b) -> [] | ('c::('e & [ any* ])) -> [] | ('b::('d & [ any* ]))
map': ∀'a,'b. ('b -> 'a) -> [ 'b* ] -> [ 'a* ]

===== Processing tests/1_union_inter.ml =====
f': any -> (-1..24)
test': (10..15) -> (-1..24)
succ': any -> (0..25)
test2': (5..15) -> (0..25)
f: int | string -> int
test: (10..15) -> int
succ: (2 -> 3) & (3 -> 4) & (4 -> 5) & (5 -> 6) & (6 -> 7) & (7 -> 8) & (8 -> 9) & (9 -> 10) & (10 -> 11) & (11 -> 12) & (12 -> 13) & (13 -> 14) & (14 -> 15) & (15 -> 16) & (16 -> 17) & (17 -> 18) & (18 -> 19) & (19 -> 20) & (20 -> 21) & (21 -> 22) & (22 -> 23) & (23 -> 24) & (24 -> 25) & (1 -> 2) & (~(0..24) -> 0) & (0 -> 1)
test2: (5..15) -> (10..20)
to_bool: (int \ 0 | true | ('\001'..'\255') | string \ "" -> true) & (0 | false | '\000' | "" -> false) & (float -> bool)
and_: ((true, true) -> true) & ((any, ~true) | (~true, any) -> false)
&&: ((int \ 0 | true | ('\001'..'\255') | string \ "", int \ 0 | true | ('\001'..'\255') | string \ "") -> true) & ((int | bool | char | float | string, int | bool | char | float | string) -> bool) & ((int | bool | char | float | string, 0 | false | '\000' | "") | (0 | false | '\000' | "", int | bool | char | float | string) -> false)
and1: false
and2: false
and3: true
and4: bool
and5: true
not_: (~true -> true) & (true -> false)
or_: ((~true, ~true) -> false) & ((any, true) | (true, any) -> true)
impossible_branch: int -> int
[Warning] File "tests/1_union_inter.ml", line 103, characters 32-36 Unreachable code
impossible_branch2: (any -> int -> int) & (int -> any -> int)
switch1: ∀'a,'b,'c,'d. (('a -> 'b) -> true -> 'a -> any -> 'b) & (('c -> 'd) -> ~true -> any -> 'c -> 'd)
switch2: ∀'a,'b,'c,'d. (true -> ('a -> 'b) -> 'a -> any -> 'b) & (~true -> ('c -> 'd) -> any -> 'c -> 'd)
typeof: (bool -> "Boolean") & (~(int | bool | char | [  ] | string | ()) -> "Object") & ([  ] | () -> "[]") & (string -> "String") & (char -> "Character") & (int -> "Number")
typeof_patterns: (~(int | bool | char | [  ] | string | ()) -> "Object") & ([  ] | () -> "[]") & (string -> "String") & (char -> "Character") & (int -> "Number") & (bool -> "Boolean")
land: (true -> true -> true) & (any -> ~true -> false) & (~true -> any -> false)
lor: (~true -> ~true -> false) & (any -> true -> true) & (true -> any -> true)
lnot: (~true -> true) & (true -> false)
tautology: any -> any -> true
tautology_ann: any -> any -> bool
test_many_params_ann1: any -> any -> any -> any -> any -> any -> false | (int, bool, int, bool, int, bool)
test_many_params_ann2: ∀'a,'b,'c,'d,'e,'f. 'f -> 'e -> 'd -> 'c -> 'b -> 'a -> false | ('f & int, 'e & bool, 'd & int, 'c & bool, 'b & int, 'a & bool)
test_many_params: ∀'a,'b,'c,'d,'e,'f. (('f & int, 'e & bool, 'd & int, 'c & bool, 'b & int, 'a & bool) -> ('f & int, 'e & bool, 'd & int, 'c & bool, 'b & int, 'a & bool)) & ((any, ~bool, any, any, any, any) | (any, any, any, ~bool, any, any) | (any, any, any, any, any, ~bool) | (any, any, any, any, ~int, any) | (any, any, ~int, any, any, any) | (~int, any, any, any, any, any) -> false)
match_pair: any -> any -> false | (int, bool)
type_narrowing_fail: untypeable application
File "tests/1_union_inter.ml", line 160, characters 21-31
function: int -> int
argument: any
type_narrowing_ok: (any -> any) -> any -> int
type_narrowing2_ok: ∀'a. ('a -> false) & (any -> any) -> any -> ~'a | 42
type_narrowing2_ok': ∀'a. (('a -> false) & (any -> any), any) -> ~'a | 42
not_exhaustive_patmatch: untypeable cast
File "tests/1_union_inter.ml", line 173, characters 8-9
expected: empty
given: (..41) | (43..72) | (74..)
is_string: (string -> true) & (~string -> false)
is_int: (int -> true) & (~int -> false)
is_bool: (bool -> true) & (~bool -> false)
example1: any -> int
implicit1: (int -> int) & (~int -> 0)
example2: int | string -> int
implicit2: int | string -> int
example3: any -> false | (~false, ~false)
implicit3: ∀'a. ('a \ false -> ('a \ false, 'a \ false)) & ('a & false -> false)
example4: any -> int | 'A' | string
implicit4: ∀'a. ('a & string -> 'a & string) & ('a & int -> 'a & int) & ('a \ (int | string) -> 'A')
example5: any -> any -> int
implicit5: (int -> (~string -> 0) & (any -> int)) & (~int -> any -> 0)
example6_invalid: untypeable application
File "tests/1_union_inter.ml", line 229, characters 26-34
function: string -> int
argument: int
example6: (string -> any -> int) & (int -> string -> int)
implicit6: (string -> any -> int) & (int -> string -> int)
example7: any -> any -> int
implicit7: (int -> (~string -> 0) & (any -> int)) & (~int -> any -> 0)
example8: any -> bool
implicit8: (int | string -> true) & (~(int | string) -> false)
example9: any -> int
implicit9: (~(int | string) -> 0) & (any -> int)
example10: tuple2 -> int
implicit10: ((~int, any) -> 7) & (tuple2 -> int)
example11: tuple2 -> No | int
implicit11: ((int, int) -> int) & ((any, ~int) | (~int, any) -> No)
example12: tuple2 -> bool
implicit12: ((~int, any) -> false) & ((int, any) -> true)
example13: any -> any -> (1..3)
implicit13: (int -> (string -> 1) & (~string -> 2)) & (~int -> any -> 3)
example14: int | string -> tuple2 -> int
implicit14: (int | string -> ((~int, any) -> 0) & (tuple2 -> int)) & (~int -> (~int, any) -> 0)
connectives: int | bool | string -> int

===== Processing tests/2_dyn.ml =====
test_reflect: any -> any
test_reflect_ann: int -> int
[Notice] File "tests/2_dyn.ml", line 19, characters 25-34 Unchecked dynamic coercion
expected: int
given: any
gradual1: any -> int | bool
gradual2: any -> int | bool
gradual3: any -> any
gradual4: any -> int | bool | [ 42 any* ]
gradual4_ann: any -> int | bool
[Notice] File "tests/2_dyn.ml", line 52, characters 9-14 Unchecked dynamic coercion
expected: int | bool
given: [ 42 any* ]
mx: 42
read_mut: any
read_mut_cast: bool
[Notice] File "tests/2_dyn.ml", line 59, characters 20-33 Unchecked dynamic coercion
expected: bool
given: any
write_mut: ()
test_lkp_ok: int
[Notice] File "tests/2_dyn.ml", line 69, characters 4-11 Unchecked dynamic coercion
expected: int
given: any
test_lkp_fail: untypeable application
File "tests/2_dyn.ml", line 73, characters 4-12
function: (false -> true) & (true -> false)
argument: (1..5)
magic_fail: untypeable application
File "tests/2_dyn.ml", line 76, characters 19-24
function: 42
argument: 42
magic_ok: (any -> empty) | dyn & arrow
test_cast1_ok: int -> int
[Warning] File "tests/2_dyn.ml", line 85, characters 34-38 Unreachable code
test_cast2_fail: untypeable coercion
File "tests/2_dyn.ml", line 88, characters 34-38
expected: int
given: true

===== Processing tests/3_records.ml =====
record_delete: ∀`a. { l1 : any? ; l2 : any? ; l3 : any? ;; `a } -> { l1 : empty? ; l2 : empty? ; l3 : empty? ;; `a }
record_update: ∀`a. { l1 : any? ; l2 : any? ; l3 : any? ;; `a } -> { l1 : 1 ; l2 : 2 ; l3 : 3 ;; `a }
record_delete_ann: ∀`a. { l1 : any? ; l2 : any? ; l3 : any? ;; `a } -> { l1 : empty? ; l2 : empty? ; l3 : empty? ;; `a }
record_update_ann: ∀`a. { l1 : any? ; l2 : any? ; l3 : any? ;; `a } -> { l1 : 1 ; l2 : 2 ; l3 : 3 ;; `a }
record_test: { l3 : 33 ; l4 : 44 }, { l1 : 1 ; l2 : 2 ; l3 : 3 ; l4 : 44 }, { l4 : 44 }
pair_app: ∀'a,'b,'c. ('a -> 'b) -> ('a -> 'c) -> 'a -> ('b, 'c)
upd1: ∀`a. { l1 : any? ;; `a } -> { l1 : 42 ;; `a }
upd2: ∀`a. { l2 : any? ;; `a } -> { l2 : 42 ;; `a }
upd: ∀`a,`b. { l1 : `b ; l2 : `a ;; `b & `a } -> ({ l1 : 42 ;; `a }, { l2 : 42 ;; `b })
test_upd: { l1 : 42 ; l : 42 }, { l2 : 42 ; l : 42 }
get_id: ∀'a,'b. ({ kind : "book" ; title : 'a ..} -> 'a) & ({ kind : "author" ; name : 'b ..} -> 'b)
set_id: ∀'a,'b,`a,`b. ({ kind : "author" ; name : any? ;; `b } -> 'b -> { kind : "author" ; name : 'b ;; `b }) & ({ kind : "book" ; title : any? ;; `a } -> 'a -> { kind : "book" ; title : 'a ;; `a })
test_rac: rac(int, bool) -> (int, bool)
test_rec_proj: a_or_b
test_mix: { l1 : 42? ; l2 : 33 | true ; l4 : false? }
test_merge: { l1 : 42 ; l2 : 33 | true ; l4 : false }
test_merge2: ∀'a,'b,'c. { x : 'a ; y : (42 | 'b)? ; z : (73 | 'c)? ..} -> ('a, 42 | 'b, 73 | 'c)
test_foo: { l1 : 42 ; l2 : 42 ; l3 : 42 } | { l1 : 73 ; l2 : 73 ; l3 : 73 } -> { l1 : int ; l2 : 42 | 73 ; l3 : 42 | 73 }
test_lapply: [ [ int* ]* ]
test_r_lists: { a : (1..3) ; c : (1..3) ; b : (1..3) ;; (1..3)? }
test_classes: { data_frame : true ;; false }
test_class_ok: { c1 : true ;; false }
test_class_fail: untypeable application
File "tests/3_records.ml", line 120, characters 22-45
function: 'I2291 & { c1 : true ;; false } -> 'I2291
argument: { c1 : true ;; bool }
test_class_ok2: { c1 : true ; c2 : true ;; bool }
extract_ellipsis_test: 73 | bool, bool, true
fun2_with_ellipsis: ∀'a,'b,'c,`a. { l1 : 'a ; l2 : 'b ;; `a & 'c? } -> ('a, 'b, { l1 : empty? ; l2 : empty? ;; `a & 'c? }, 'c)
fun2_with_ellipsis_test: 1, 2, { l3 : 3 ; l4 : 4 ; l5 : 5 }, (3..5)

===== Processing tests/4_imperative.ml =====
ref_42: ref(int)
ref_42_unresolved: the type inferred is not fully resolved
File "tests/4_imperative.ml", line 24, characters 4-30
type inferred: ref(42 | 'I2356)
mutate_ref: ∀'a. 42 | 'a -> 42 | 'a
is_ref: (ref -> true) & (~ref -> false)
is_not_ref: (~ref -> true) & (ref -> false)
test_dict: ∀'a,'b. false | "key" | 'a -> (dict(false | "key" | 'a, 0 | 42 | 'b), 0 | 42 | 'b)
filter_arr: ∀'a,'b,'c. ('b -> ~true) & ('a -> any) -> array('b | 'a) -> array('a \ 'b | 'c)
test_arr: ∀'a,'b. bool | 'a -> array('a & int | 'b)
test_double_array: 42
arr_dict_assign: ∀'a,'b. dict((0..1) | 'b, 'a) | array('a) -> ()
nested: ∀'a. any -> 'a -> 'a
swap: ∀'a,'b. ('a & int -> int -> array('b) -> ()) & ('a -> 'a -> dict('a, 'b) -> ())
mx: 42
mut_invalid: untypeable coercion
File "tests/4_imperative.ml", line 92, characters 8-12
expected: int
given: true
mut_valid: int
counter: 0
incr: () -> ()
test_global: any -> int
mut_narrowing: Nil | int
mut_seq1: 42
mut_seq2: Nil
mut_and_return: any -> int | false
neg_and_pos: ∀'a. ('a & Nil -> 'a & Nil) & (int -> (int, int))
neg_and_pos_ann: Nil | int -> Nil | (int, int)
order: Nil | (Nil | int, Nil | int) -> Nil | int | (int, int)
loop_tricky_narrowing: int -> (any, int)
loop_invalid: untypeable application
File "tests/4_imperative.ml", line 174, characters 4-14
function: (ref('I2746), 'I2746) -> ()
argument: ref(int), false
loop_valid: ∀'a. (int | false | 'a -> int | false | 'a) & ('a \ int -> 'a)
filter_imp: ∀'a,'b,'c. ('b -> false) & ('a -> bool) -> array('b | 'a) -> array('a \ 'b | 'c)
filter_imp_test: array(13 | 42 | "abc")
rec_and_imp: ∀'a,'b. dict(int | 'a, int | 'b) | array(int | 'b) -> int -> int -> int -> ()
interval: ∀'a. int -> int -> array(int | 'a)
test_ann_mut1: 42, 73
test_ann_mut2: 42, 73
test_ann_mut3: untypeable application
File "tests/4_imperative.ml", line 236, characters 18-22
function: 'a -> 'a
argument: ()
test_ann_mut4: 42, 73
test_ann_mut5: tuple2

===== Processing tests/5_misc.ml =====
valint: untypeable coercion
File "tests/5_misc.ml", line 18, characters 13-17
expected: int
given: true
valint: int
test_sig: untypeable coercion
File "tests/5_misc.ml", line 22, characters 20-21
expected: bool | 'a
given: int | 'a
test_sig: ∀'a. bool | 'a -> int | 'a -> (bool | 'a, int | 'a)
test_sig_overloaded: (bool -> bool) & (int -> int)
test_annot: ∀'a. bool | 'a -> int | 'a -> (bool | 'a, int | 'a)
proj_a: ∀'a. A('a) -> 'a
proj_a': ∀'a. A('a) -> 'a
proj_ab: ∀'a,'b. (A('a) -> 'a) & (B('b) -> 'b)
proj_a_test: ∀'a. 'a -> 'a
proj_ab_test: ∀'a,'b. 'a -> 'b -> ('a, 'b)
map_clist: ∀'a,'b. ('a -> 'b) -> clist('a) -> x1 where x1 = Nil | Cons('b, x1)
record_ab_open: ∀'a,'b. { a : 'b ; b : 'a ..} -> { a : 'b ; b : 'a }
record_ab: ∀'a,'b. { a : 'b ; b : 'a } -> { a : 'b ; b : 'a }
[Message] File "tests/5_misc.ml", line 56, characters 0-12 Computation result
true
[Message] File "tests/5_misc.ml", line 57, characters 0-44 Computation result
[ int int* bool | bool int* ]
[Message] File "tests/5_misc.ml", line 58, characters 0-67 Computation result
[
  '_a: bool | 'b ;
  `_c: { a : `_c ; b : int ;; `d }
]
test: ∀'a,'b. ('b & 'a, any) -> ('a, 'b & 'a)
and_js: ∀'a,'b. ('a & falsy -> any -> 'a & falsy) & ('a & truthy -> 'b -> 'b)
not_js: (falsy -> 1) & (truthy -> 0)
or_js: ∀'a,'b. ('a & truthy -> any -> 'a & truthy) & ('a & falsy -> 'b -> 'b)
identity_js: ∀'a. 'a -> 'a
and_pair: ∀'a,'b. ('a & falsy -> any -> 'a & falsy) & ('a & int & ~0 -> 'b -> ('b, int))
test_pair: (int \ 0, any) | (0, int) -> int
ifthenelse: ∀'a,'b. (ff('a, 'b) -> ff('a, 'b)) & (tt('a, 'b) -> tt('a, 'b))
test1_patterns: ∀'a. ('a, any) -> 'a
test2_patterns: ∀'a,'b. ('b, 'a) -> ('b, 'a)
test3_patterns: ∀'a,'b. 'a -> 'b -> ('b, 'a)
fact: int -> int
map: ∀'a,'b. ('a -> 'b) -> [ 'a* ] -> [ 'b* ]
map_noannot: ∀'a,'b. (('a -> 'b) -> ([ 'a+ ] -> [ 'b+ ]) & ([ 'a ] -> [ 'b ]) & ([  ] -> [  ])) & (any -> [  ] -> [  ])
foo: any -> empty
bar: any -> empty
filter: ∀'a,'b. ('a -> any) & ('b -> ~true) -> [ ('b | 'a)* ] -> [ ('a \ 'b)* ]
filter2: ∀'a,'b. ('b -> ~true) & ('a -> any) -> [ ('b | 'a)* ] -> [ ('a \ 'b)* ]
filter_noannot: ∀'a. (('a -> any) -> ([ 'a+ ] -> [ 'a* ]) & ([ 'a ] -> [ 'a? ]) & ([  ] -> [  ])) & (('a -> true) -> ([ 'a+ ] -> [ 'a+ ]) & ([  ] -> [  ])) & (('a -> ~true) -> [ 'a* ] -> [  ]) & (any -> [  ] -> [  ])
filtermap: ∀'a,'b. (('b -> bool | (true, 'a), [ 'b* ]) -> [ ('b | 'a)* ]) & (('b -> false | (true, 'a), [ 'b* ]) -> [ 'a* ])
member: ∀'a. (('a, [ (~'a)+ ]) | (any, [  ]) -> false) & ((any, [ any+ ]) -> bool)
call_f: ∀'a. objF('a) -> () | 'a
deep_flatten: ∀'a. tree('a) -> [ ('a \ [ any* ])* ]
eval: expr -> int
obj: obj
typeof_cf: (() -> "unit") & (~(int | bool | char | string | ()) -> "object") & (string -> "string") & (bool -> "bool") & (int -> "int") & (char -> "char")
break_return_cf: ∀'a. ('a & (0 | false) -> ()) & (() | 'a \ (0 | false) -> () | 'a \ (0 | false))
weird_return: (true -> 69) & (~true -> (42, 69))
test_alt: (Nil -> Nil) & (() -> ()) & (char -> char) & (string -> string) & (bool -> bool) & (int -> int)
fall: (Nil -> Nil) & (() -> ()) & (char -> char) & (string -> string) & (bool -> bool) & (int -> int)
test_noalt: (char -> char) & (bool -> bool) & (string -> string) & (Nil -> Nil) & (() -> ()) & (int -> int)
typeof_app: Int -> 0
[Warning] File "tests/5_misc.ml", line 262, characters 9-29 Unreachable code
typeof_app': Int -> 0
[Warning] File "tests/5_misc.ml", line 282, characters 7-27 Unreachable code
[Warning] File "tests/5_misc.ml", line 280, characters 43-48 Unreachable code
[Warning] File "tests/5_misc.ml", line 277, characters 12-21 Unreachable code
[Warning] File "tests/5_misc.ml", line 277, characters 24-33 Unreachable code
[Warning] File "tests/5_misc.ml", line 277, characters 36-45 Unreachable code
[Warning] File "tests/5_misc.ml", line 277, characters 48-57 Unreachable code
[Warning] File "tests/5_misc.ml", line 278, characters 12-21 Unreachable code
[Warning] File "tests/5_misc.ml", line 278, characters 24-33 Unreachable code
[Warning] File "tests/5_misc.ml", line 278, characters 36-45 Unreachable code
[Warning] File "tests/5_misc.ml", line 279, characters 12-21 Unreachable code
[Warning] File "tests/5_misc.ml", line 279, characters 24-34 Unreachable code
alt_fail: untypeable encoding
File "tests/5_misc.ml", line 284, characters 23-49
Could not find any typeable alternative.
